

























                                                                                                                    [1m[36mflitter-cli[0m

                                                                                                                  [34mCtrl+O[33m for help[39m

                                                                                       [2m[90mcwd: /Users/bytedance/.oh-my-coco/studio/flitter/packages/flitter-cli[0m



























[90m╭──────────────────────────────────────────────────────────────────────────────────────────────────────────────────────────────────────────────────────────────────────────────────────────────────────────────────────────────────[38;2;0;255;136msmart[90m───[38;2;246;255;245m0[90m─[2m[38;2;156;156;156mskills[0m[90m╮
│[39m                                                                                                                                                                                                                                                  [90m│
│[39m                                                                                                                                                                                                                                                  [90m│
│[39m                                                                                                                                                                                                                                                  [90m│
╰──────────────────────────────────────────────────────────────────────────────────────────────────────────────────────────────────────────────────────────────────────────────────────────────────────────[2m[38;2;156;156;156m...o/studio/flitter/packages/flitter-cli[0m[90m╯
