

























                                                                                                                    flitter-cli

                                                                                                                  Ctrl+O for help

                                                                                       cwd: /Users/bytedance/.oh-my-coco/studio/flitter/packages/flitter-cli



























╭──────────────────────────────────────────────────────────────────────────────────────────────────────────────────────────────────────────────────────────────────────────────────────────────────────────────────────────────────smart───0─skills╮
│                                                                                                                                                                                                                                                  │
│                                                                                                                                                                                                                                                  │
│                                                                                                                                                                                                                                                  │
╰──────────────────────────────────────────────────────────────────────────────────────────────────────────────────────────────────────────────────────────────────────────────────────────────────────────...o/studio/flitter/packages/flitter-cli╯
