













  ┃ explore the repo and tell me what it is built for

  ✓ Thinking ▼
    The user wants me to explore the repository and understand what it's built for. Let me look at the key files to understand the project.

  ✓ Read README.md

  ✓ Read package.json

  ✓ Read packages

  尧舜，Flitter 是一个用 TypeScript + Bun 构建的 Flutter 风格 TUI（终端 UI）框架 + AI CLI 客户端，包含三个包：

  1. flitter-core — 核心 TUI 框架：widget 树、布局引擎、输入系统、渲染管线（对标 Flutter 的架构）
  2. flitter-cli — AI 驱动的终端客户端，支持多 LLM 提供商（Anthropic/OpenAI/Gemini/Copilot 等），带本地工具执行能力
  3. flitter-amp — ACP（Agent Client Protocol）参考客户端

  简而言之：它把 Flutter 的 widget 组合理念搬到终端，并在此之上构建了一个多模型 AI 编程助手的交互界面。

  ┃ 调用 bash sleep 60 秒然后委托 subagent explore flitter-cli 这个folder

  ✓ Thinking ▶

  $ sleep 60

  ⢠ Subagent Explore flitter-cli package structure ▼
    ├── Explore flitter-cli package structure
    ├── I'll explore the flitter-cli package systematically. Let me start with the directory structure and key files.
    ├── ✓ Read packages/flitter-cli
    ├── ✓ Read packages/flitter-cli/package.json
    ├── ✓ Read packages/flitter-cli/src
    ├── ✓ Read packages/flitter-cli/src/index.ts
    ├── Now let me explore all subdirectories and key files:
    ├── ✓ Read packages/flitter-cli/src/provider
    ├── ✓ Read packages/flitter-cli/src/tools
    ├── ✓ Read packages/flitter-cli/src/widgets
    ├── ✓ Read packages/flitter-cli/src/state
    ├── ✓ Read packages/flitter-cli/src/auth
    ├── ✓ Read packages/flitter-cli/src/commands
    ├── ✓ Read packages/flitter-cli/src/shortcuts
    ├── ✓ Read packages/flitter-cli/src/themes
    ╰── ✓ Read packages/flitter-cli/src/utils

╭─11% of 300k · $0.41───────────────────────────────────────────────────────────────────────────────────────────────────────────────────────────────────────────────────────────────────────────────────────────────────────────smart──!─77─skills─╮
│                                                                                                                                                                                                                                                  │
│                                                                                                                                                                                                                                                  │
│                                                                                                                                                                                                                                                  │
╰────────────────────────────────────────────────────────────────────────────────────────────────────────────────────────────────────────────────────────────────────────────────────────────────────────────~/.oh-my-coco/studio/flitter (master)─╯
 ∼ Running tools...         Esc to cancel
