  [38;5;4m┃[39m [2mamp-src-analysis-20.md[0m                                                                                                                                                                                                                        [7m[48;5;8m█[0m
  [38;5;4m┃[39m [2mamp-src-analysis-21.md[0m                                                                                                                                                                                                                        [7m[48;5;8m█[0m
  [38;5;4m┃[39m [2mamp-src-analysis-22.md[0m                                                                                                                                                                                                                        [7m[48;5;8m█[0m
  [38;5;4m┃[39m [2mamp-src-analysis-23.md[0m                                                                                                                                                                                                                        [7m[48;5;8m█[0m
  [38;5;4m┃[39m [2mamp-src-analysis-24.md[0m                                                                                                                                                                                                                        [7m[48;5;8m█[0m
  [38;5;4m┃[39m [2mamp-src-analysis-25.md[0m                                                                                                                                                                                                                        [7m[48;5;8m█[0m
  [38;5;4m┃[39m [2mamp-src-analysis-26.md[0m                                                                                                                                                                                                                        [7m[48;5;8m█[0m
  [38;5;4m┃[39m [2mamp-src-analysis-27.md[0m                                                                                                                                                                                                                        [7m[48;5;8m█[0m
  [38;5;4m┃[39m [2mamp-src-analysis-28.md[0m                                                                                                                                                                                                                        [7m[48;5;8m█[0m
  [38;5;4m┃[39m [2mamp-src-analysis-29.md[0m                                                                                                                                                                                                                        [7m[48;5;8m█[0m
  [38;5;4m┃[39m [2mamp-src-analysis-3.md[0m                                                                                                                                                                                                                         [7m[48;5;8m█[0m
  [38;5;4m┃[39m [2mamp-src-analysis-30.md[0m                                                                                                                                                                                                                        [48;5;8m▂[49m
  [38;5;4m┃[39m [2mamp-src-analysis-31.md[0m                                                                                                                                                                                                                        [48;5;8m█[49m
  [38;5;4m┃[39m [2mamp-src-analysis-32.md[0m                                                                                                                                                                                                                        [48;5;8m█[49m
  [38;5;4m┃[39m [2mamp-src-analysis-33.md[0m                                                                                                                                                                                                                        [48;5;8m█[49m
  [38;5;4m┃[39m [2mamp-src-analysis-34.md[0m                                                                                                                                                                                                                        [48;5;8m█[49m
  [38;5;4m┃[39m [2mamp-src-analysis-35.md[0m                                                                                                                                                                                                                        [48;5;8m█[49m
  [38;5;4m┃[39m [2mamp-src-analysis-36.md[0m                                                                                                                                                                                                                        [48;5;8m█[49m
  [38;5;4m┃[39m [2mamp-src-analysis-37.md[0m                                                                                                                                                                                                                        [48;5;8m█[49m
  [38;5;4m┃[39m [2mamp-src-analysis-38.md[0m                                                                                                                                                                                                                        [48;5;8m█[49m
  [38;5;4m┃[39m [2mamp-src-analysis-39.md[0m                                                                                                                                                                                                                        [48;5;8m█[49m
  [38;5;4m┃[39m [2mamp-src-analysis-4.md[0m                                                                                                                                                                                                                         [48;5;8m█[49m
  [38;5;4m┃[39m [2mamp-src-analysis-40.md[0m                                                                                                                                                                                                                        [48;5;8m█[49m
  [38;5;4m┃[39m [2mamp-src-analysis-41.md[0m                                                                                                                                                                                                                        [48;5;8m█[49m
  [38;5;4m┃[39m [2mamp-src-analysis-42.md[0m                                                                                                                                                                                                                        [48;5;8m█[49m
  [38;5;4m┃[39m [2mamp-src-analysis-43.md[0m                                                                                                                                                                                                                        [48;5;8m█[49m
  [38;5;4m┃[39m [2mamp-src-analysis-44.md[0m                                                                                                                                                                                                                        [48;5;8m█[49m
  [38;5;4m┃[39m [2mamp-src-analysis-45.md[0m                                                                                                                                                                                                                        [48;5;8m█[49m
  [38;5;4m┃[39m [2mamp-src-analysis-46.md[0m                                                                                                                                                                                                                        [48;5;8m█[49m
  [38;5;4m┃[39m [2mamp-src-analysis-47.md[0m                                                                                                                                                                                                                        [48;5;8m█[49m
  [38;5;4m┃[39m [2mamp-src-analysis-48.md[0m                                                                                                                                                                                                                        [48;5;8m█[49m
  [38;5;4m┃[39m [2mamp-src-analysis-49.md[0m                                                                                                                                                                                                                        [48;5;8m█[49m
  [38;5;4m┃[39m [2mamp-src-analysis-5.md[0m                                                                                                                                                                                                                         [48;5;8m█[49m
  [38;5;4m┃[39m [2mamp-src-analysis-50.md[0m                                                                                                                                                                                                                        [48;5;8m█[49m
  [38;5;4m┃[39m [2mamp-src-analysis-6.md[0m                                                                                                                                                                                                                         [48;5;8m█[49m
  [38;5;4m┃[39m [2mamp-src-analysis-7.md[0m                                                                                                                                                                                                                         [48;5;8m█[49m
  [38;5;4m┃[39m [2mamp-src-analysis-8.md[0m                                                                                                                                                                                                                         [48;5;8m█[49m
  [38;5;4m┃[39m [2mamp-src-analysis-9.md[0m                                                                                                                                                                                                                         [48;5;8m█[49m
  [38;5;4m┃[39m [2mbun.lock[0m                                                                                                                                                                                                                                      [48;5;8m█[49m
  [38;5;4m┃[39m [2mFIDELITY-REPORT.md[0m                                                                                                                                                                                                                            [48;5;8m█[49m
  [38;5;4m┃[39m [2mGSD-PLAN-P56-P62.md[0m                                                                                                                                                                                                                           [48;5;8m█[49m
  [38;5;4m┃[39m [2mlog[0m                                                                                                                                                                                                                                           [48;5;8m█[49m
  [38;5;4m┃[39m [2mmemory[0m                                                                                                                                                                                                                                        [48;5;8m█[49m
  [38;5;4m┃[39m [2mMISSING-FEATURES.md[0m                                                                                                                                                                                                                           [48;5;8m█[49m
  [38;5;4m┃[39m [2mnode_modules[0m                                                                                                                                                                                                                                  [48;5;8m█[49m
  [38;5;4m┃[39m [2mpackage.json[0m                                                                                                                                                                                                                                  [48;5;8m█[49m
  [38;5;4m┃[39m [2mpackages[0m                                                                                                                                                                                                                                      [48;5;8m█[49m
  [38;5;4m┃[39m [2mpnpm-lock.yaml[0m                                                                                                                                                                                                                                [48;5;8m█[49m
  [38;5;4m┃[39m [2mpnpm-workspace.yaml[0m                                                                                                                                                                                                                           [48;5;8m█[49m
  [38;5;4m┃[39m [2mprogress.md[0m                                                                                                                                                                                                                                   [48;5;8m█[49m
  [38;5;4m┃[39m [2mREADME.md[0m                                                                                                                                                                                                                                     [48;5;8m█[49m
  [38;5;4m┃[39m [2mskills[0m                                                                                                                                                                                                                                        [48;5;8m█[49m
  [38;5;4m┃[39m [2mskills-lock.json[0m                                                                                                                                                                                                                              [48;5;8m█[49m
  [38;5;4m┃[39m [2mSUMMARY.md[0m                                                                                                                                                                                                                                    [48;5;8m█[49m
  [38;5;4m┃[39m [2mtmux-capture[0m                                                                                                                                                                                                                                  [48;5;8m█[49m
  [38;5;4m┃[39m [2mtsconfig.json[0m                                                                                                                                                                                                                                 [48;5;8m█[49m
                                                                                                                                                                                                                                                  [48;5;8m█[49m
╭──────────────────────────────────────────────────────────────────────────────────────────────────────────────────────────────────────────────────────────────────────────────────────────────────────────────────────────────[38;2;0;255;136msmart[39m──[38;5;3m![39m─[38;5;3m114[39m─[38;5;3mskills[39m─╮
│ [7m [0m                                                                                                                                                                                                                                                │
│                                                                                                                                                                                                                                                  │
│                                                                                                                                                                                                                                                  │
╰────────────────────────────────────────────────────────────────────────────────────────────────────────────────────────────────────────────────────────────────────────────────────────────────────────────[2m~/.oh-my-coco/studio/flitter (master)[0m─╯

