



















                                                                                          [38;2;0;55;20m [38;2;0;58;22m [38;2;0;65;26m [38;2;0;68;27m  [38;2;0;71;29m    [38;2;0;68;27m [38;2;0;65;26m [38;2;0;58;22m [38;2;0;55;20m [39m
                                                                                      [38;2;0;55;20m [38;2;0;65;26m [38;2;0;71;29m [38;2;0;77;33m.[38;2;0;84;37m.[38;2;0;90;40m.[38;2;0;93;42m.[38;2;0;96;44m:[38;2;0;99;46m:[38;2;0;103;48m::::[38;2;0;99;46m:[38;2;0;96;44m:[38;2;0;93;42m.[38;2;0;87;38m.[38;2;0;80;35m.[38;2;0;74;31m [38;2;0;65;26m [38;2;0;55;20m [39m
                                                                                  ┌──────────────────────────────────────────────────────────────────────────────┐
                                                                                  │                                [1m[38;5;3mCommand Palette[0m                               │
                                                                                [38;2;0;55;20m [38;2;0;65;26m [39m│ > [7m [0m                                                                          │
                                                                               [38;2;0;55;20m [38;2;0;68;27m [38;2;0;77;33m.[39m│                                                                              │
                                                                              [38;2;0;55;20m [38;2;0;65;26m [38;2;0;77;33m.[38;2;0;87;38m.[39m│ [48;5;3m         [38;5;0mamp[39m  [1m[38;5;0mhelp[0m[48;5;3m                                                          [49m │
                                                                              [38;2;0;61;24m [38;2;0;74;31m [38;2;0;84;37m.[38;2;0;93;42m.[39m│         [2mmode[0m  [1muse rush[0m                                                       │
                                                                              [38;2;0;65;26m [38;2;0;77;33m.[38;2;0;87;38m.[38;2;0;96;44m:[39m│         [2mmode[0m  [1muse large[0m                                                      │
                                                                              [38;2;0;65;26m [38;2;0;77;33m.[38;2;0;87;38m.[38;2;0;93;42m:[39m│         [2mmode[0m  [1muse deep[0m                                                       │
                                                                              [38;2;0;65;26m [38;2;0;74;31m.[38;2;0;84;37m.[38;2;0;90;40m.[39m│         [2mmode[0m  [1mset[0m                                                            │
                                                                              [38;2;0;61;24m [38;2;0;71;29m [38;2;0;77;33m.[38;2;0;87;38m.[39m│         [2mmode[0m  [1mtoggle[0m                                                [1m[38;5;4mCtrl[0m [1ms[0m   │
                                                                              [38;2;0;55;20m [38;2;0;65;26m [38;2;0;71;29m [38;2;0;77;33m.[39m│       [2mthread[0m  [1mswitch[0m                                                         │[38;5;6mate[39m
                                                                               [38;2;0;55;20m [38;2;0;65;26m [38;2;0;71;29m [39m│       [2mthread[0m  [1mnew[0m                                                            │
                                                                                [38;2;0;55;20m [38;2;0;61;24m [39m│       [2mprompt[0m  [1mopen in editor[0m                                        [1m[38;5;4mCtrl[0m [1mg[0m   │
                                                                                  │       [2mthread[0m  [1mmap[0m                                                            │
                                                                                  │       [2mthread[0m  [1mswitch to cluster[0m                                              │
                                                                                  │      [2mcontext[0m  [1manalyze[0m                                                        │
                                                                                  │         [2mnews[0m  [1mopen in browser[0m                                                │
                                                                                  │       [2mthread[0m  [1mset visibility[0m                                                 │
                                                                                  │       [2mprompt[0m  [1mpaste image from clipboard[0m                            [1m[38;5;4mCtrl[0m [1mv[0m   │
                                                                                  └──────────────────────────────────────────────────────────────────────────────┘















╭───────────────────────────────────────────────────────────────────────────────────────────────────────────────────────────────────────────────────────────────────────────────────────────────────────────────────────────────[38;2;0;255;136msmart[39m──[38;5;3m![39m─[38;5;3m77[39m─[38;5;3mskills[39m─╮
│                                                                                                                                                                                                                                                  │
│                                                                                                                                                                                                                                                  │
│                                                                                                                                                                                                                                                  │
╰────────────────────────────────────────────────────────────────────────────────────────────────────────────────────────────────────────────────────────────────────────────────────────────────────────────[2m~/.oh-my-coco/studio/flitter (master)[0m─╯

